---
openapi: 3.0.0
servers:
  - url: 'https://localhost/'
info:
  version: 1.0.0
  title: Cowbell Factory
  description: This is a sample.
paths:
  /cowbell:
    get:
      description: A swell description.
      operationId: Cowbell_Get
      parameters:
        - in: query
          name: id
          required: true
          schema:
            type: integer
            format: int64
      responses:
        '200':
          description: The cowbell with given ID.
          content:
            application/json:
              schema:
                $ref: '#/components/schemas/Cowbell'
    post:
      description: A good description.
      operationId: Cowbell_Add
      responses:
        '200':
          description: Cowbell was added.
      requestBody:
        x-ms-requestBody-name: body
        content:
          application/json:
            schema:
              $ref: '#/components/schemas/Cowbell'
        required: true
      x-ms-requestBody-index: 0
components:
  schemas:
    Cowbell:
      description: New description.
      properties:
        patentNumber:
          description: 'deprecated property, do not use anymore'
          type: integer
          x-ms-no-wire: true
        nname:
          description: 'old typo, please do not use anymore'
          type: string
          x-ms-no-wire: true
          x-ms-forward-to: name
        awesomeness:
          type: string
          x-ms-no-wire: true
          x-ms-implementation: 'get { return "language agnostic"; } set { /*nop*/ }'
        coolness:
          type: integer
          x-ms-no-wire: true
          x-ms-implementation:
            csharp: 'get { return 42; /* "language specific"*/ } set { /*nop*/ }'
            ruby: how does ruby work?
        id:
          type: integer
          format: int64
          default: 42
        name:
          type: string
          default: shiny
      required:
        - name
    Cowtown:
      properties:
        name:
          type: string
          x-ms-no-wire: true
        population:
          description: Number of cows in this town.
          type: integer
          x-ms-no-wire: true
  parameters: {}
x-ms-paths:
  /dummy?0:
    get:
      operationId: Cowbell_Empty
      x-ms-no-wire: true
  /dummy?1:
    get:
      operationId: Cowbell_GetImplementationAgnostic
      x-ms-implementation: |-
        // language agnostic stub implementation:
        return null; // no cowbell to retrieve here
      x-ms-no-wire: true
  /dummy?2:
    get:
      operationId: Cowbell_GetImplementationSpecific
      x-ms-implementation:
        csharp: |-
          // C# specific stub implementation:
          return null; // no cowbell to retrieve here
        ruby: return nil // I don't speak Ruby
      x-ms-no-wire: true
  /dummy?3:
    get:
      operationId: Cowbell_GetForwardTo
      parameters:
        - in: query
          name: id
          required: true
          schema:
            type: integer
            format: int64
      x-ms-forward-to: Cowbell_Get
      x-ms-no-wire: true
  /dummy?4:
    get:
      operationId: Cowbell_GetForwardToCustomArgs1
      parameters: []
      x-ms-forward-to: Cowbell_Get
      x-ms-no-wire: true
  /dummy?5:
    get:
      operationId: Cowbell_GetForwardToCustomArgs2
      parameters:
        - in: path
          name: name
          required: true
          schema:
            type: string
        - in: query
          name: id
          required: true
          schema:
            type: integer
            format: int64
      x-ms-forward-to: Cowbell_Get
      x-ms-no-wire: true
  /dummy?6:
    get:
      operationId: Cowbell_GetForwardToCustomArgs3
      parameters:
        - in: path
          name: name
          required: true
          schema:
            type: string
        - in: query
          name: idx
          required: true
          schema:
            type: integer
            format: int64
      x-ms-forward-to: Cowbell_Get
      x-ms-no-wire: true
  /dummy?7:
    get:
      operationId: Cowbell_GetForwardToCustomArgs4
      parameters:
        - in: path
          name: name
          required: true
          schema:
            type: string
        - in: query
          name: id
          x-ms-client-name: idx
          required: true
          schema:
            type: integer
            format: int64
      x-ms-forward-to: Cowbell_Get
      x-ms-no-wire: true
